// Jest Snapshot v1, https://goo.gl/fbAQLP

exports[`Breadcrumbs Component render snapshot 1`] = `
<DocumentFragment>
  <div
    class="MuiBox-root MuiBox-root-14"
  >
    <div
      class="MuiContainer-root MuiContainer-maxWidthLg"
    >
      <div
        class="MuiBox-root MuiBox-root-26 makeStyles-root-15"
      >
        <button
          aria-controls="mobile-menu"
          aria-haspopup="true"
          class="MuiButtonBase-root makeStyles-moreBtn-21"
          data-testid="stepperButton"
          tabindex="0"
          type="button"
        >
          <svg
            aria-hidden="true"
            class="MuiSvgIcon-root"
            focusable="false"
            viewBox="0 0 24 24"
          >
            <path
              d="M16.59 8.59L12 13.17 7.41 8.59 6 10l6 6 6-6z"
            />
          </svg>
          <span
            class="MuiTouchRipple-root"
          />
        </button>
      </div>
    </div>
  </div>
</DocumentFragment>
`;
