// Jest Snapshot v1, https://goo.gl/fbAQLP

exports[`Checkboxes Component should render snapshot 1`] = `
<DocumentFragment>
  <div
    class="MuiBox-root MuiBox-root-85"
  >
    <form
      data-testid="checkboxesComponent"
    >
      <h5
        class="MuiTypography-root MuiTypography-h5 MuiTypography-gutterBottom"
      >
        test title
      </h5>
      <fieldset
        class="MuiFormControl-root"
      >
        <legend
          class="MuiFormLabel-root makeStyles-formControlLabelRoot-82"
        >
          <div
            class="MuiBox-root MuiBox-root-128"
          >
            Select all that apply
          </div>
        </legend>
        <div
          class="MuiBox-root MuiBox-root-129"
        >
          <div
            class="MuiFormGroup-root"
          >
            <label
              class="MuiFormControlLabel-root makeStyles-formControlLabelRoot-82"
            >
              <span
                aria-disabled="false"
                class="MuiButtonBase-root MuiIconButton-root PrivateSwitchBase-root-147 MuiCheckbox-root makeStyles-checkBoxRoot-138 MuiCheckbox-colorSecondary MuiIconButton-colorSecondary"
              >
                <span
                  class="MuiIconButton-label"
                >
                  <input
                    class="PrivateSwitchBase-input-150"
                    data-indeterminate="false"
                    name="oak"
                    type="checkbox"
                    value="oak"
                  />
                  <span
                    class="makeStyles-icon-139"
                    font-size="default"
                  />
                </span>
              </span>
              <span
                class="MuiTypography-root MuiFormControlLabel-label makeStyles-formControlLabel-83 MuiTypography-body1"
              >
                option 1
              </span>
            </label>
            <label
              class="MuiFormControlLabel-root makeStyles-formControlLabelRoot-82"
            >
              <span
                aria-disabled="false"
                class="MuiButtonBase-root MuiIconButton-root PrivateSwitchBase-root-147 MuiCheckbox-root makeStyles-checkBoxRoot-138 MuiCheckbox-colorSecondary MuiIconButton-colorSecondary"
              >
                <span
                  class="MuiIconButton-label"
                >
                  <input
                    class="PrivateSwitchBase-input-150"
                    data-indeterminate="false"
                    name="plane"
                    type="checkbox"
                    value="plane"
                  />
                  <span
                    class="makeStyles-icon-139"
                    font-size="default"
                  />
                </span>
              </span>
              <span
                class="MuiTypography-root MuiFormControlLabel-label makeStyles-formControlLabel-83 MuiTypography-body1"
              >
                option 2
              </span>
            </label>
            <label
              class="MuiFormControlLabel-root makeStyles-formControlLabelRoot-82"
            >
              <span
                aria-disabled="false"
                class="MuiButtonBase-root MuiIconButton-root PrivateSwitchBase-root-147 MuiCheckbox-root makeStyles-checkBoxRoot-138 MuiCheckbox-colorSecondary MuiIconButton-colorSecondary"
              >
                <span
                  class="MuiIconButton-label"
                >
                  <input
                    class="PrivateSwitchBase-input-150"
                    data-indeterminate="false"
                    name="redwood"
                    type="checkbox"
                    value="redwood"
                  />
                  <span
                    class="makeStyles-icon-139"
                    font-size="default"
                  />
                </span>
              </span>
              <span
                class="MuiTypography-root MuiFormControlLabel-label makeStyles-formControlLabel-83 MuiTypography-body1"
              >
                option 3
              </span>
            </label>
            <label
              class="MuiFormControlLabel-root makeStyles-formControlLabelRoot-82"
            >
              <span
                aria-disabled="false"
                class="MuiButtonBase-root MuiIconButton-root PrivateSwitchBase-root-147 MuiCheckbox-root makeStyles-checkBoxRoot-138 MuiCheckbox-colorSecondary MuiIconButton-colorSecondary"
              >
                <span
                  class="MuiIconButton-label"
                >
                  <input
                    class="PrivateSwitchBase-input-150"
                    data-indeterminate="false"
                    name="other"
                    type="checkbox"
                    value="other"
                  />
                  <span
                    class="makeStyles-icon-139"
                    font-size="default"
                  />
                </span>
              </span>
              <span
                class="MuiTypography-root MuiFormControlLabel-label makeStyles-formControlLabel-83 MuiTypography-body1"
              >
                option 4
              </span>
            </label>
          </div>
        </div>
      </fieldset>
    </form>
  </div>
</DocumentFragment>
`;
