// Jest Snapshot v1, https://goo.gl/fbAQLP

exports[`File Upload Component should render snapshot 1`] = `
<DocumentFragment>
  <div
    class="MuiBox-root MuiBox-root-4"
  >
    <form>
      <h1
        class="MuiTypography-root MuiTypography-h5 MuiTypography-gutterBottom"
      >
        File upload
      </h1>
      <div
        class="makeStyles-box-1"
        tabindex="0"
      >
        <input
          accept="image/*"
          autocomplete="off"
          multiple=""
          style="display: none;"
          tabindex="-1"
          type="file"
        />
        <p>
          Click to select files
        </p>
      </div>
      <small>
        Max size of file is 40000 Bytes
      </small>
      <div />
    </form>
  </div>
</DocumentFragment>
`;
