// Jest Snapshot v1, https://goo.gl/fbAQLP

exports[`HVCenterContainer Component should render snapshot 1`] = `
<DocumentFragment>
  <div
    class="MuiBox-root MuiBox-root-3 makeStyles-root-1"
    style="align-items: center; display: flex;"
  >
    <div
      class="MuiContainer-root MuiContainer-maxWidthMd"
    >
      This should be rendered inside
    </div>
  </div>
</DocumentFragment>
`;
