// Jest Snapshot v1, https://goo.gl/fbAQLP

exports[`Question Component render snapshot 1`] = `
<DocumentFragment>
  <div
    class="makeStyles-root-1 makeStyles-inFocus-3"
  >
    <div
      class="MuiTypography-root makeStyles-question-2 makeStyles-inFocus-3 MuiTypography-h4"
    >
      <strong>
        This is a question
      </strong>
    </div>
  </div>
</DocumentFragment>
`;
