// Jest Snapshot v1, https://goo.gl/fbAQLP

exports[`Statement Image Component should render snapshot when image is available 1`] = `
<DocumentFragment>
  <div
    class="makeStyles-root-1"
  >
    <img
      alt=""
      src="example.png"
    />
  </div>
</DocumentFragment>
`;

exports[`Statement Image Component should render snapshot when image is not available 1`] = `<DocumentFragment />`;
